.next/types/app/(app)/upload/page.ts(2,24): error TS2307: Cannot find module '../../../../../app/(app)/upload/page.js' or its corresponding type declarations.
.next/types/app/(app)/upload/page.ts(5,29): error TS2307: Cannot find module '../../../../../app/(app)/upload/page.js' or its corresponding type declarations.
